totyadmin@Gaston MINGW64 ~/DH
$ mv Peliculas/ Accion/Cars.jpg Peliculas/Infantiles
mv: cannot move 'Peliculas/' to a subdirectory of itself, 'Peliculas/Infantiles/Peliculas'
mv: cannot stat 'Accion/Cars.jpg': No such file or directory      

totyadmin@Gaston MINGW64 ~/DH
$ cd Pe*

totyadmin@Gaston MINGW64 ~/DH/Peliculas
$ mv Accion/"Cars.jpg" Infantiles

totyadmin@Gaston MINGW64 ~/DH/Peliculas
$ mv Accion/"Diario de una pasion.js" Romanticas

totyadmin@Gaston MINGW64 ~/DH/Peliculas
$ mv Accion/"El hexorcista.xls" Terror

totyadmin@Gaston MINGW64 ~/DH/Peliculas
$ mv Comedia/"IT.xls" Terror/"IT.xls" Comedia/"Madagaskar.js" Infantiles/"Madagaskar.js"
mv: target 'Infantiles/Madagaskar.js' is not a directory

totyadmin@Gaston MINGW64 ~/DH/Peliculas
$ mv Comedia/"IT.xls" Terror

totyadmin@Gaston MINGW64 ~/DH/Peliculas
$ mv Comedia/"Madagaskar.js" Infantiles

totyadmin@Gaston MINGW64 ~/DH/Peliculas
$ mv Comedia/"Mision imposible" Accion
mv: cannot stat 'Comedia/Mision imposible': No such file or directory

totyadmin@Gaston MINGW64 ~/DH/Peliculas
$ mv Comedia/"Mision imposible.png" Accion

totyadmin@Gaston MINGW64 ~/DH/Peliculas
$ mv Infantiles/"El juego del miedo.xls" Terror

totyadmin@Gaston MINGW64 ~/DH/Peliculas
$ mv Infantiles/"Rapido y furioso.pdf" Accion

totyadmin@Gaston MINGW64 ~/DH/Peliculas
$ mv Infantiles/"Titanic.jpg" Romanticas

totyadmin@Gaston MINGW64 ~/DH/Peliculas
$ mv Romanticas/"Annabelle.js" Terror

totyadmin@Gaston MINGW64 ~/DH/Peliculas
$ mv Romanticas/"La mascara.js" Comedia

totyadmin@Gaston MINGW64 ~/DH/Peliculas
$ mv Romanticas/"Los vengadores.js" Accion

totyadmin@Gaston MINGW64 ~/DH/Peliculas
$ mv Romanticas/"Pocahontas.jpg" Infantiles

totyadmin@Gaston MINGW64 ~/DH/Peliculas
$ mv Terror/"La dama y el bagavundo.png" Infantiles

totyadmin@Gaston MINGW64 ~/DH/Peliculas
$ mv Terror/"Que paso ayer.pdf" Comedia

totyadmin@Gaston MINGW64 ~/DH/Peliculas
$ mv Terror/"Yo antes de ti.xls" Romanticas

totyadmin@Gaston MINGW64 ~/DH/Peliculas
$ mv Comedia/"Orgullo y prejuicio.txt" Romanticas

totyadmin@Gaston MINGW64 ~/DH/Peliculas
$ cd ..

totyadmin@Gaston MINGW64 ~/DH
$ mv Peliculas/Infantiles/"Intenzamente.txt" Peliculas/Infantiles/"Intensamente.txt"

totyadmin@Gaston MINGW64 ~/DH
$ mv Peliculas/Infantiles/"La dama y el bagavundo.png" "L"

totyadmin@Gaston MINGW64 ~/DH
$ mv Peliculas/Infantiles/"Madagaskar.js" Peliculas/Infantiles/"Madagascar.js"

totyadmin@Gaston MINGW64 ~/DH
$ rm Peliculas/Accion/"Smooth criminal.txt" Peliculas/Terror/"We will rock you.js"

totyadmin@Gaston MINGW64 ~/DH
$ touch Peliculas/Accion/Prueba2/"noBorrar.js"

totyadmin@Gaston MINGW64 ~/DH
$ cd P*

totyadmin@Gaston MINGW64 ~/DH/Peliculas
$ mv Accion/Prueba2/"noBorrar.js" Romanticas/Prueba/"noBorrar.js" 

totyadmin@Gaston MINGW64 ~/DH/Peliculas
$ cd ..

totyadmin@Gaston MINGW64 ~/DH
$ touch camada.txt

totyadmin@Gaston MINGW64 ~/DH
$ ls
camada.txt  Peliculas/

totyadmin@Gaston MINGW64 ~/DH
$ cd Pel*

totyadmin@Gaston MINGW64 ~/DH/Peliculas
$ mv Terror/"IT.xls" Infantiles/"IT.xls"

totyadmin@Gaston MINGW64 ~/DH/Peliculas
$ rm DH/"camada.txt"
rm: cannot remove 'DH/camada.txt': No such file or directory

totyadmin@Gaston MINGW64 ~/DH/Peliculas
$ rm dh/"camada.txt"
rm: cannot remove 'dh/camada.txt': No such file or directory

totyadmin@Gaston MINGW64 ~/DH/Peliculas
$ rm "dh"/"camada.txt"
rm: cannot remove 'dh/camada.txt': No such file or directory

totyadmin@Gaston MINGW64 ~/DH/Peliculas
$ rm -r Romanticas/prueba

totyadmin@Gaston MINGW64 ~/DH/Peliculas
$ ls -R
.:
Accion/  Comedia/  Infantiles/  Romanticas/  Terror/

./Accion:
'Los vengadores.js'      Prueba2/
'Mision imposible.png'  'Rapido y furioso.pdf'

./Accion/Prueba2:

./Comedia:
'La mascara.js'  'Que paso ayer.pdf'

./Infantiles:
 Cars.jpg           IT.xls                        Madagascar.js
 Intensamente.txt  'La dama y el vagabundo.png'   Pocahontas.jpg

./Romanticas:
'Diario de una pasion.js'   Titanic.jpg
'Orgullo y prejuicio.txt'  'Yo antes de ti.xls'

./Terror:
 Annabelle.js  'El hexorcista.xls'  'El juego del miedo.xls'