
Georgina@Georgina-PC MINGW64 ~/Desktop (main)
$ touch margatira.txt jazmin.txt rosa.txt

Georgina@Georgina-PC MINGW64 ~/Desktop (main)
$ git add margarita.txt
fatal: pathspec 'margarita.txt' did not match any files

Georgina@Georgina-PC MINGW64 ~/Desktop (main)
$ git add margatira.txt

Georgina@Georgina-PC MINGW64 ~/Desktop (main)
$ git add jazmin.txt

Georgina@Georgina-PC MINGW64 ~/Desktop (main)
$ git add rosa.txt

Georgina@Georgina-PC MINGW64 ~/Desktop (main)
$ git commit -m "Subiendo archivos de flores"
[main 0c20ca6] Subiendo archivos de flores
 3 files changed, 3 insertions(+)
 create mode 100644 jazmin.txt
 create mode 100644 margatira.txt
 create mode 100644 rosa.txt

Georgina@Georgina-PC MINGW64 ~/Desktop (main)
$ git push origin main
Enumerating objects: 6, done.
Counting objects: 100% (6/6), done.
Delta compression using up to 4 threads
Compressing objects: 100% (2/2), done.
Writing objects: 100% (5/5), 468 bytes | 468.00 KiB/s, done.
Total 5 (delta 0), reused 0 (delta 0), pack-reused 0
To https://github.com/GeorginaVic/Actividad-de-a-dos.git
   e567d8c..0c20ca6  main -> main

Georgina@Georgina-PC MINGW64 ~/Desktop (main)
$ git status
On branch main
Untracked files:
  (use "git add <file>..." to include in what will be committed)
        DH/
        Discord.lnk
        FrontEndI/
        Git clone/
        Info/
        "Inform\303\241tica/"
        "Metodolog\303\255as/"
        Scratch 3.lnk
        Tesina - Acceso directo.lnk
        Visual Studio Code.lnk
        Wondershare Filmora.lnk
        Zoom.lnk
        desktop.ini
        root/
        "~$OYECTO DE EVALUACI\303\223N INTEGRADORA DE 5.docx"
        ~$loquio - Entrega 11_06_19.docx

nothing added to commit but untracked files present (use "git add" to track)

Georgina@Georgina-PC MINGW64 ~/Desktop (main)
$ git pull
There is no tracking information for the current branch.
Please specify which branch you want to merge with.
See git-pull(1) for details.

    git pull <remote> <branch>

If you wish to set tracking information for this branch you can do so with:

    git branch --set-upstream-to=origin/<branch> main


Georgina@Georgina-PC MINGW64 ~/Desktop (main)
$ git pull
There is no tracking information for the current branch.
Please specify which branch you want to merge with.
See git-pull(1) for details.

    git pull <remote> <branch>

If you wish to set tracking information for this branch you can do so with:

    git branch --set-upstream-to=origin/<branch> main


Georgina@Georgina-PC MINGW64 ~/Desktop (main)
$ git pull
remote: Enumerating objects: 9, done.
remote: Counting objects: 100% (9/9), done.
remote: Compressing objects: 100% (3/3), done.
remote: Total 7 (delta 1), reused 7 (delta 1), pack-reused 0
Unpacking objects: 100% (7/7), 708 bytes | 1024 bytes/s, done.
From https://github.com/GeorginaVic/Actividad-de-a-dos
   0c20ca6..4f0bbd1  main       -> origin/main
There is no tracking information for the current branch.
Please specify which branch you want to merge with.
See git-pull(1) for details.

    git pull <remote> <branch>

If you wish to set tracking information for this branch you can do so with:

    git branch --set-upstream-to=origin/<branch> main


Georgina@Georgina-PC MINGW64 ~/Desktop (main)
$ git pull
There is no tracking information for the current branch.
Please specify which branch you want to merge with.
See git-pull(1) for details.

    git pull <remote> <branch>

If you wish to set tracking information for this branch you can do so with:

    git branch --set-upstream-to=origin/<branch> main


Georgina@Georgina-PC MINGW64 ~/Desktop (main)
$ git pull
There is no tracking information for the current branch.
Please specify which branch you want to merge with.
See git-pull(1) for details.

    git pull <remote> <branch>

If you wish to set tracking information for this branch you can do so with:

    git branch --set-upstream-to=origin/<branch> main


Georgina@Georgina-PC MINGW64 ~/Desktop (main)
$ git pull origin main
From https://github.com/GeorginaVic/Actividad-de-a-dos
 * branch            main       -> FETCH_HEAD
Updating 0c20ca6..4f0bbd1
Fast-forward
 honda.html  | 1 +
 suzuki.html | 1 +
 yamaha.js   | 1 +
 3 files changed, 3 insertions(+)
 create mode 100644 honda.html
 create mode 100644 suzuki.html
 create mode 100644 yamaha.js
